2025-10-18 14:35:47,866 - INFO - Starting product monitoring for: https://newsite.ricn-mall.com/api/pc/get_products?page=1&limit=10&cid=9&sid=0&priceOrder=&news=0
2025-10-18 14:35:47,866 - INFO - Polling interval: 300 seconds
2025-10-18 14:35:47,866 - INFO - Notification method: console
2025-10-18 14:35:47,866 - INFO - Fetching product data...
2025-10-18 14:35:48,091 - INFO - Changes detected! 0 new, 0 removed, 0 updated
2025-10-18 14:36:01,682 - INFO - Monitoring stopped by user
2025-10-18 14:58:22,751 - INFO - Starting product monitoring for: https://newsite.ricn-mall.com/api/pc/get_products?page=1&limit=10&cid=9&sid=0&priceOrder=&news=0
2025-10-18 14:58:22,762 - INFO - Polling interval: 10 seconds
2025-10-18 14:58:22,762 - INFO - Notification method: console
2025-10-18 14:58:22,762 - INFO - Fetching product data...
2025-10-18 14:58:23,057 - INFO - Changes detected! 0 new, 0 removed, 0 updated
2025-10-18 14:58:33,067 - INFO - Fetching product data...
2025-10-18 14:58:33,267 - INFO - No changes detected
2025-10-18 14:58:43,267 - INFO - Fetching product data...
2025-10-18 14:58:43,465 - INFO - No changes detected
2025-10-18 14:58:47,324 - INFO - Monitoring stopped by user
2025-10-18 15:01:39,271 - INFO - Starting product monitoring for: https://newsite.ricn-mall.com/api/pc/get_products?page=1&limit=10&cid=9&sid=0&priceOrder=&news=0
2025-10-18 15:01:39,271 - INFO - Polling interval: 10 seconds
2025-10-18 15:01:39,271 - INFO - Notification method: console
2025-10-18 15:01:39,271 - INFO - Fetching product data...
2025-10-18 15:01:39,562 - INFO - Changes detected! 0 new, 0 removed, 0 updated
2025-10-18 15:01:49,565 - INFO - Fetching product data...
2025-10-18 15:01:49,780 - INFO - No changes detected
2025-10-18 15:01:59,792 - INFO - Fetching product data...
2025-10-18 15:02:00,066 - INFO - No changes detected
2025-10-18 15:02:10,075 - INFO - Fetching product data...
2025-10-18 15:02:10,327 - INFO - No changes detected
2025-10-18 15:02:17,424 - INFO - Monitoring stopped by user
2025-10-18 15:03:55,816 - INFO - Starting product monitoring for: https://newsite.ricn-mall.com/api/pc/get_products?page=1&limit=10&cid=9&sid=0&priceOrder=&news=0
2025-10-18 15:03:55,816 - INFO - Polling interval: 10 seconds
2025-10-18 15:03:55,816 - INFO - Notification method: email
2025-10-18 15:03:55,816 - INFO - Sending startup notification email...
2025-10-18 15:04:15,858 - ERROR - Failed to send startup email: Connection unexpectedly closed
2025-10-18 15:04:15,858 - INFO - Fetching product data...
2025-10-18 15:04:16,087 - INFO - Changes detected! 0 new, 0 removed, 0 updated
2025-10-18 15:04:36,127 - INFO - Monitoring stopped by user
2025-10-18 15:06:08,707 - INFO - Starting product monitoring for: https://newsite.ricn-mall.com/api/pc/get_products?page=1&limit=10&cid=9&sid=0&priceOrder=&news=0
2025-10-18 15:06:08,707 - INFO - Polling interval: 10 seconds
2025-10-18 15:06:08,707 - INFO - Notification method: email
2025-10-18 15:06:08,707 - INFO - Sending startup notification email...
2025-10-18 15:06:28,757 - ERROR - Failed to send startup email: Connection unexpectedly closed
2025-10-18 15:06:28,757 - INFO - Fetching product data...
2025-10-18 15:06:29,001 - INFO - Changes detected! 0 new, 0 removed, 0 updated
2025-10-18 15:06:49,043 - ERROR - Failed to send email: Connection unexpectedly closed
2025-10-18 15:06:59,045 - INFO - Fetching product data...
2025-10-18 15:06:59,260 - INFO - No changes detected
2025-10-18 15:07:09,261 - INFO - Fetching product data...
2025-10-18 15:07:09,520 - INFO - No changes detected
2025-10-18 15:07:19,533 - INFO - Fetching product data...
2025-10-18 15:07:19,749 - INFO - No changes detected
2025-10-18 15:07:29,751 - INFO - Fetching product data...
2025-10-18 15:07:29,962 - INFO - No changes detected
2025-10-18 15:07:39,968 - INFO - Fetching product data...
2025-10-18 15:07:40,200 - INFO - No changes detected
2025-10-18 15:07:50,204 - INFO - Fetching product data...
2025-10-18 15:07:50,417 - INFO - No changes detected
2025-10-18 15:08:00,429 - INFO - Fetching product data...
2025-10-18 15:08:00,648 - INFO - No changes detected
2025-10-18 15:08:10,651 - INFO - Fetching product data...
2025-10-18 15:08:10,868 - INFO - No changes detected
2025-10-18 15:08:20,880 - INFO - Fetching product data...
2025-10-18 15:08:21,079 - INFO - No changes detected
2025-10-18 15:08:31,094 - INFO - Fetching product data...
2025-10-18 15:08:31,307 - INFO - No changes detected
2025-10-18 15:08:41,320 - INFO - Fetching product data...
2025-10-18 15:08:41,533 - INFO - No changes detected
2025-10-18 15:08:51,537 - INFO - Fetching product data...
2025-10-18 15:08:51,749 - INFO - No changes detected
2025-10-18 15:09:01,752 - INFO - Fetching product data...
2025-10-18 15:09:01,965 - INFO - No changes detected
2025-10-18 15:09:11,977 - INFO - Fetching product data...
2025-10-18 15:09:12,242 - INFO - No changes detected
2025-10-18 15:09:22,250 - INFO - Fetching product data...
2025-10-18 15:09:22,463 - INFO - No changes detected
2025-10-18 15:09:32,473 - INFO - Fetching product data...
2025-10-18 15:09:32,685 - INFO - No changes detected
2025-10-18 15:09:42,688 - INFO - Fetching product data...
2025-10-18 15:09:42,913 - INFO - No changes detected
2025-10-18 15:09:52,922 - INFO - Fetching product data...
2025-10-18 15:09:53,134 - INFO - No changes detected
2025-10-18 15:09:55,750 - INFO - Monitoring stopped by user
2025-10-18 15:09:57,544 - INFO - Starting product monitoring for: https://newsite.ricn-mall.com/api/pc/get_products?page=1&limit=10&cid=9&sid=0&priceOrder=&news=0
2025-10-18 15:09:57,544 - INFO - Polling interval: 10 seconds
2025-10-18 15:09:57,544 - INFO - Notification method: email
2025-10-18 15:09:57,544 - INFO - Sending startup notification email...
2025-10-18 15:10:17,592 - ERROR - Failed to send startup email: Connection unexpectedly closed
2025-10-18 15:10:17,592 - INFO - Fetching product data...
2025-10-18 15:10:17,809 - INFO - Changes detected! 0 new, 0 removed, 0 updated
2025-10-18 15:10:37,849 - INFO - Monitoring stopped by user
2025-10-18 15:10:39,723 - INFO - Starting product monitoring for: https://newsite.ricn-mall.com/api/pc/get_products?page=1&limit=10&cid=9&sid=0&priceOrder=&news=0
2025-10-18 15:10:39,723 - INFO - Polling interval: 10 seconds
2025-10-18 15:10:39,723 - INFO - Notification method: email
2025-10-18 15:10:39,723 - INFO - Sending startup notification email...
2025-10-18 15:10:41,650 - INFO - Startup notification email sent to huanghofe@163.com
2025-10-18 15:10:41,651 - INFO - Fetching product data...
2025-10-18 15:10:41,858 - INFO - Changes detected! 0 new, 0 removed, 0 updated
2025-10-18 15:10:42,550 - INFO - Email notification sent to huanghofe@163.com
2025-10-18 15:10:52,557 - INFO - Fetching product data...
2025-10-18 15:10:52,770 - INFO - No changes detected
2025-10-18 15:11:02,775 - INFO - Fetching product data...
2025-10-18 15:11:03,028 - INFO - No changes detected
2025-10-18 15:11:13,030 - INFO - Fetching product data...
2025-10-18 15:11:13,251 - INFO - Monitoring stopped by user
2025-10-18 15:16:12,026 - INFO - Starting product monitoring for: https://newsite.ricn-mall.com/api/pc/get_products?page=1&limit=10&cid=9&sid=0&priceOrder=&news=0
2025-10-18 15:16:12,026 - INFO - Polling interval: 300 seconds
2025-10-18 15:16:12,026 - INFO - Notification method: email
2025-10-18 15:16:12,026 - INFO - Time range enabled: 09:00 to 23:59
2025-10-18 15:16:12,026 - INFO - Sending startup notification email...
2025-10-18 15:16:12,806 - INFO - Startup notification email sent to huanghofe@163.com
2025-10-18 15:16:12,806 - INFO - Fetching product data...
2025-10-18 15:16:13,037 - INFO - Changes detected! 0 new, 0 removed, 0 updated
2025-10-18 15:16:13,529 - INFO - Email notification sent to huanghofe@163.com
2025-10-18 15:16:31,482 - INFO - Monitoring stopped by user
2025-10-18 15:19:45,351 - ERROR - Configuration file src/config.json not found.
2025-10-18 15:21:40,482 - INFO - Starting product monitoring for: https://newsite.ricn-mall.com/api/pc/get_products?page=1&limit=10&cid=9&sid=0&priceOrder=&news=0
2025-10-18 15:21:40,483 - INFO - Polling interval: 300 seconds
2025-10-18 15:21:40,483 - INFO - Notification method: email
2025-10-18 15:21:40,483 - INFO - Time range enabled: 09:00 to 23:59
2025-10-18 15:21:40,483 - INFO - Sending startup notification email...
2025-10-18 15:21:40,904 - INFO - Startup notification email sent to huanghofe@163.com
2025-10-18 15:21:40,904 - INFO - Fetching product data...
2025-10-18 15:21:41,105 - INFO - Changes detected! 0 new, 0 removed, 0 updated
2025-10-18 15:21:41,847 - INFO - Email notification sent to huanghofe@163.com
2025-10-18 15:21:57,494 - INFO - Starting product monitoring for: https://newsite.ricn-mall.com/api/pc/get_products?page=1&limit=10&cid=9&sid=0&priceOrder=&news=0
2025-10-18 15:21:57,494 - INFO - Polling interval: 300 seconds
2025-10-18 15:21:57,494 - INFO - Notification method: email
2025-10-18 15:21:57,494 - INFO - Time range enabled: 09:00 to 23:59
2025-10-18 15:21:57,494 - INFO - Sending startup notification email...
2025-10-18 15:21:58,767 - INFO - Startup notification email sent to huanghofe@163.com
2025-10-18 15:21:58,768 - INFO - Fetching product data...
2025-10-18 15:21:58,979 - INFO - Changes detected! 0 new, 0 removed, 0 updated
2025-10-18 15:21:59,439 - INFO - Email notification sent to huanghofe@163.com
2025-10-18 15:24:43,951 - INFO - Starting product monitoring for: https://newsite.ricn-mall.com/api/pc/get_products?page=1&limit=10&cid=9&sid=0&priceOrder=&news=0
2025-10-18 15:24:43,951 - INFO - Polling interval: 300 seconds
2025-10-18 15:24:43,951 - INFO - Notification method: email
2025-10-18 15:24:43,951 - INFO - Time range enabled: 09:00 to 23:59
2025-10-18 15:24:43,951 - INFO - Sending startup notification email...
2025-10-18 15:24:44,338 - INFO - Startup notification email sent to huanghofe@163.com
2025-10-18 15:24:44,338 - INFO - Fetching product data...
2025-10-18 15:24:44,534 - INFO - Changes detected! 0 new, 0 removed, 0 updated
2025-10-18 15:24:45,299 - INFO - Email notification sent to huanghofe@163.com
2025-10-18 15:29:45,312 - INFO - Fetching product data...
2025-10-18 15:29:45,594 - INFO - No changes detected
2025-10-18 15:31:39,241 - INFO - Starting product monitoring for: https://newsite.ricn-mall.com/api/pc/get_products?page=1&limit=10&cid=9&sid=0&priceOrder=&news=0
2025-10-18 15:31:39,241 - INFO - Polling interval: 300 seconds
2025-10-18 15:31:39,241 - INFO - Notification method: email
2025-10-18 15:31:39,242 - INFO - Time range enabled: 09:00 to 23:59
2025-10-18 15:31:39,242 - INFO - Fetching initial product data to establish baseline...
2025-10-18 15:31:39,461 - INFO - Baseline established with 10 products
2025-10-18 15:31:39,462 - INFO - Sending startup notification email...
2025-10-18 15:31:41,915 - INFO - Startup notification email sent to huanghofe@163.com
2025-10-18 15:31:41,916 - INFO - Fetching product data...
2025-10-18 15:31:42,135 - INFO - No changes detected
